journalctl --since "$(journalctl -b | head -n 1 | awk '{print $1" "$2" "$3}')" --until "$(date -d "@$(( $(date -d "$(journalctl -b | head -n 1 | awk '{print $1" "$2" "$3}')" +%s) + 20 ))" "+%F %T")"
	Jul 11 02:20:46 localhost kernel: Linux version 6.8.0-55-generic (buildd@lcy02-amd64-095) (x86_64-linux-gnu-gcc-13 (Ubuntu 13.3.0-6ubuntu2~24.04) 13.3.0, GNU ld (G>
	Jul 11 02:20:46 localhost kernel: Command line: BOOT_IMAGE=/vmlinuz-6.8.0-55-generic root=/dev/mapper/ubuntu--vg-ubuntu--lv ro
	Jul 11 02:20:46 localhost kernel: KERNEL supported cpus:
	Jul 11 02:20:46 localhost kernel:   Intel GenuineIntel
	Jul 11 02:20:46 localhost kernel:   AMD AuthenticAMD
	Jul 11 02:20:46 localhost kernel:   Hygon HygonGenuine
	Jul 11 02:20:46 localhost kernel:   Centaur CentaurHauls
	...
	Jul 11 02:21:02 eltex-practice2-pg1-v1 systemd-resolved[678]: System hostname changed to 'eltex-practice2-pg1-v1'.
	Jul 11 02:21:02 eltex-practice2-pg1-v1 systemd[1]: Started udisks2.service - Disk Manager.
	Jul 11 02:21:02 eltex-practice2-pg1-v1 udisksd[703]: Acquired the name org.freedesktop.UDisks2 on the system message bus
find / -name auth.log 2>/dev/null
	/var/log/auth.log
awk '{for(i=1;i<=NF;i++) if($i ~ /^[a-zA-Z]+(\[[0-9]+\])?:$/) {gsub(":", "", $i); src=$i; msg=""; for(j=i+1;j<=NF;j++) msg=msg $j " "; print src ": " msg; break}}' /var/log/auth.log | sed 's/\[[0-9]\+\]//' | sort
	chage: changed password expiry for user1 
	chage: changed password expiry for user2 
	chage: changed password expiry for user3 
	chfn: changed user 'user2' information 
	chfn: changed user 'user3' information 
	chpasswd: pam_unix(chpasswd:chauthtok): password changed for root 
	CRON: pam_unix(cron:session): session closed for user root 
	CRON: pam_unix(cron:session): session closed for user root 
	...
	usermod: add 'user1' to group 'p2group' 
	usermod: add 'user1' to shadow group 'p2group' 
	usermod: add 'user2' to group 'p2group' 
	usermod: add 'user2' to shadow group 'p2group' 
	usermod: add 'user3' to group 'p2group' 
	usermod: add 'user3' to shadow group 'p2group'
awk '{for(i=1;i<=NF;i++) if($i ~ /^[a-zA-Z]+(\[[0-9]+\])?:$/) {gsub(":", "", $i); print $i; break}}' /var/log/auth.log | sed 's/\[[0-9]\+\]//' | sort | uniq -c | sort -rn
    492 CRON
    105 su
     76 sshd
     62 polkitd
     32 sudo
     18 useradd
      9 groupadd
      7 usermod
      6 nologin
      5 passwd
      3 login
      3 chage
      2 gpasswd
      2 chfn
      1 chpasswd
awk -F: '$7 == "/usr/sbin/nologin" {print $3, $1}' /etc/passwd | sort -nr | while read uid user; do
> gid=$(awk -F: -v u="$user" '$1 == u {print $4}' /etc/passwd)
> main_group=$(awk -F: -v g="$gid" '$3 == g {print $1}' /etc/group)
> other_groups=$(awk -F: -v u="$user" '($4 != "" && $4 ~ "(^|,)"u"(,|$)") {print $1}' /etc/group)
> all_groups=$(echo -e "$main_group\n$other_groups" | sort -u | paste -sd "," -)
> echo "$uid, $user, $all_groups"
> done
	65534, nobody, ,nogroup
	1003, user3, p2group,user3,users
	998, systemd-network, ,systemd-network
	997, systemd-timesync, ,systemd-timesync
	992, systemd-resolve, ,systemd-resolve
	991, polkitd, ,polkitd
	989, fwupd-refresh, ,fwupd-refresh
	109, sshd, ,nogroup
	108, usbmux, ,plugdev
	107, landscape, ,landscape
	105, tcpdump, ,tcpdump
	104, uuidd, ,uuidd
	103, syslog, adm,syslog
	101, messagebus, ,messagebus
	42, _apt, ,nogroup
	39, irc, ,irc
	38, list, ,list
	34, backup, ,backup
	33, www-data, ,www-data
	13, proxy, ,proxy
	10, uucp, ,uucp
	9, news, ,news
	8, mail, ,mail
	7, lp, ,lp
	6, man, ,man
	5, games, ,games
	3, sys, ,sys
	2, bin, ,bin
	1, daemon, ,daemon
dmesg | grep -i 'kernel'
	[    0.000000] KERNEL supported cpus:
	[    0.064506] Booting paravirtualized kernel on KVM
	[    0.064733] Kernel command line: BOOT_IMAGE=/vmlinuz-6.8.0-55-generic root=/dev/mapper/ubuntu--vg-ubuntu--lv ro
	[    0.064778] Unknown kernel command line parameters "BOOT_IMAGE=/vmlinuz-6.8.0-55-generic", will be passed to user space.
	[    0.179295] Memory: 3933488K/4193760K available (22528K kernel code, 4443K rwdata, 14344K rodata, 4988K init, 4716K bss, 260012K reserved, 0K cma-reserved)
	[    0.378160] DMA: preallocated 512 KiB GFP_KERNEL pool for atomic allocations
	[    0.378212] DMA: preallocated 512 KiB GFP_KERNEL|GFP_DMA pool for atomic allocations
	[    0.378267] DMA: preallocated 512 KiB GFP_KERNEL|GFP_DMA32 pool for atomic allocations
	[    0.823826] Loaded X.509 cert 'Build time autogenerated kernel key: e0bedf6fa049a1e09bd65ebab3904f14cdd5bc68'
	[    0.834562] Loaded X.509 cert 'Canonical Ltd. Kernel Module Signing: 88f752e560a1e0737e31163a466ad7b70a850c19'
	[    0.913928] Loaded X.509 cert 'Build time autogenerated kernel key: e0bedf6fa049a1e09bd65ebab3904f14cdd5bc68'
	[    0.954647] Freeing unused kernel image (initmem) memory: 4988K
	[    0.956145] Write protecting the kernel read-only data: 38912k
	[    0.958346] Freeing unused kernel image (rodata/data gap) memory: 2040K
	[    6.689289] systemd[1]: Listening on systemd-udevd-kernel.socket - udev Kernel Socket.
	[    6.710994] systemd[1]: Mounting sys-kernel-debug.mount - Kernel Debug File System...
	[    6.717934] systemd[1]: Mounting sys-kernel-tracing.mount - Kernel Trace File System...
	[    6.759080] systemd[1]: Starting modprobe@configfs.service - Load Kernel Module configfs...
	[    6.763197] systemd[1]: Starting modprobe@dm_mod.service - Load Kernel Module dm_mod...
	[    6.772536] systemd[1]: Starting modprobe@drm.service - Load Kernel Module drm...
	[    6.779723] systemd[1]: Starting modprobe@efi_pstore.service - Load Kernel Module efi_pstore...
	[    6.786777] systemd[1]: Starting modprobe@fuse.service - Load Kernel Module fuse...
	[    6.803091] systemd[1]: Starting modprobe@loop.service - Load Kernel Module loop...
	[    6.870285] systemd[1]: Starting systemd-modules-load.service - Load Kernel Modules...
	[    6.908951] systemd[1]: Starting systemd-remount-fs.service - Remount Root and Kernel File Systems...
wc -l /var/log/kern.log
	2884 /var/log/kern.log
awk '/^Commandline: / {cmd=$0} /^Start-Date: / {start=$0} /^End-Date: / {end=$0} {print cmd " ; " start " ; " end}' /var/log/apt/history.log
	 ;  ; 
	 ; Start-Date: 2025-02-16  20:51:22 ; 
	Commandline: apt-get install --reinstall apt ; Start-Date: 2025-02-16  20:51:22 ; 
	Commandline: apt-get install --reinstall apt ; Start-Date: 2025-02-16  20:51:22 ; 
	Commandline: apt-get install --reinstall apt ; Start-Date: 2025-02-16  20:51:22 ; End-Date: 2025-02-16  20:51:24
	Commandline: apt-get install --reinstall apt ; Start-Date: 2025-02-16  20:51:22 ; End-Date: 2025-02-16  20:51:24
	Commandline: apt-get install --reinstall apt ; Start-Date: 2025-02-16  20:51:26 ; End-Date: 2025-02-16  20:51:24
	Commandline: apt-get install --reinstall base-files ; Start-Date: 2025-02-16  20:51:26 ; End-Date: 2025-02-16  20:51:24
	Commandline: apt-get install --reinstall base-files ; Start-Date: 2025-02-16  20:51:26 ; End-Date: 2025-02-16  20:51:24
	Commandline: apt-get install --reinstall base-files ; Start-Date: 2025-02-16  20:51:26 ; End-Date: 2025-02-16  20:51:28
	Commandline: apt-get install --reinstall base-files ; Start-Date: 2025-02-16  20:51:26 ; End-Date: 2025-02-16  20:51:28
	...
	Commandline: /usr/bin/unattended-upgrade ; Start-Date: 2025-07-12  07:11:34 ; End-Date: 2025-07-12  07:11:49
	Commandline: /usr/bin/unattended-upgrade ; Start-Date: 2025-07-12  07:11:34 ; End-Date: 2025-07-12  07:11:49
	Commandline: /usr/bin/unattended-upgrade ; Start-Date: 2025-07-12  07:11:52 ; End-Date: 2025-07-12  07:11:49
	Commandline: /usr/bin/unattended-upgrade ; Start-Date: 2025-07-12  07:11:52 ; End-Date: 2025-07-12  07:11:49
	Commandline: /usr/bin/unattended-upgrade ; Start-Date: 2025-07-12  07:11:52 ; End-Date: 2025-07-12  07:11:49	
	Commandline: /usr/bin/unattended-upgrade ; Start-Date: 2025-07-12  07:11:52 ; End-Date: 2025-07-12  07:12:12
